SELECT '1.0-1'::debversion_evr < '2.0-2'::debversion_evr;
 ?column? 
----------
 t
(1 row)

SELECT '1.0-1'::debversion_evr > '2.0-2'::debversion_evr;
 ?column? 
----------
 f
(1 row)

SELECT '1.0-1'::debversion_evr = '2.0-2'::debversion_evr;
 ?column? 
----------
 f
(1 row)

SELECT '2.2~rc-4'::debversion_evr < '2.2-1'::debversion_evr;
 ?column? 
----------
 t
(1 row)

SELECT '2.2~rc-4'::debversion_evr > '2.2-1'::debversion_evr;
 ?column? 
----------
 f
(1 row)

SELECT '2.2~rc-4'::debversion_evr = '2.2-1'::debversion_evr;
 ?column? 
----------
 f
(1 row)

SELECT '2.2-1'::debversion_evr < '2.2~rc-4'::debversion_evr;
 ?column? 
----------
 f
(1 row)

SELECT '2.2-1'::debversion_evr > '2.2~rc-4'::debversion_evr;
 ?column? 
----------
 t
(1 row)

SELECT '2.2-1'::debversion_evr = '2.2~rc-4'::debversion_evr;
 ?column? 
----------
 f
(1 row)

SELECT '1.0000-1'::debversion_evr < '1.0-1'::debversion_evr;
 ?column? 
----------
 f
(1 row)

SELECT '1.0000-1'::debversion_evr > '1.0-1'::debversion_evr;
 ?column? 
----------
 f
(1 row)

SELECT '1.0000-1'::debversion_evr = '1.0-1'::debversion_evr;
 ?column? 
----------
 t
(1 row)

SELECT '1'::debversion_evr < '0:1'::debversion_evr;
 ?column? 
----------
 f
(1 row)

SELECT '1'::debversion_evr > '0:1'::debversion_evr;
 ?column? 
----------
 f
(1 row)

SELECT '1'::debversion_evr = '0:1'::debversion_evr;
 ?column? 
----------
 t
(1 row)

SELECT '0'::debversion_evr < '0:0-0'::debversion_evr;
 ?column? 
----------
 f
(1 row)

SELECT '0'::debversion_evr > '0:0-0'::debversion_evr;
 ?column? 
----------
 f
(1 row)

SELECT '0'::debversion_evr = '0:0-0'::debversion_evr;
 ?column? 
----------
 t
(1 row)

SELECT '2:2.5'::debversion_evr < '1:7.5'::debversion_evr;
 ?column? 
----------
 f
(1 row)

SELECT '2:2.5'::debversion_evr > '1:7.5'::debversion_evr;
 ?column? 
----------
 t
(1 row)

SELECT '2:2.5'::debversion_evr = '1:7.5'::debversion_evr;
 ?column? 
----------
 f
(1 row)

SELECT '1:0foo'::debversion_evr < '0foo'::debversion_evr;
 ?column? 
----------
 f
(1 row)

SELECT '1:0foo'::debversion_evr > '0foo'::debversion_evr;
 ?column? 
----------
 t
(1 row)

SELECT '1:0foo'::debversion_evr = '0foo'::debversion_evr;
 ?column? 
----------
 f
(1 row)

SELECT '0:0foo'::debversion_evr < '0foo'::debversion_evr;
 ?column? 
----------
 f
(1 row)

SELECT '0:0foo'::debversion_evr > '0foo'::debversion_evr;
 ?column? 
----------
 f
(1 row)

SELECT '0:0foo'::debversion_evr = '0foo'::debversion_evr;
 ?column? 
----------
 t
(1 row)

SELECT '0foo'::debversion_evr < '0foo'::debversion_evr;
 ?column? 
----------
 f
(1 row)

SELECT '0foo'::debversion_evr > '0foo'::debversion_evr;
 ?column? 
----------
 f
(1 row)

SELECT '0foo'::debversion_evr = '0foo'::debversion_evr;
 ?column? 
----------
 t
(1 row)

SELECT '0foo-0'::debversion_evr < '0foo'::debversion_evr;
 ?column? 
----------
 f
(1 row)

SELECT '0foo-0'::debversion_evr > '0foo'::debversion_evr;
 ?column? 
----------
 f
(1 row)

SELECT '0foo-0'::debversion_evr = '0foo'::debversion_evr;
 ?column? 
----------
 t
(1 row)

SELECT '0foo'::debversion_evr < '0foo-0'::debversion_evr;
 ?column? 
----------
 f
(1 row)

SELECT '0foo'::debversion_evr > '0foo-0'::debversion_evr;
 ?column? 
----------
 f
(1 row)

SELECT '0foo'::debversion_evr = '0foo-0'::debversion_evr;
 ?column? 
----------
 t
(1 row)

SELECT '0foo'::debversion_evr < '0fo'::debversion_evr;
 ?column? 
----------
 f
(1 row)

SELECT '0foo'::debversion_evr > '0fo'::debversion_evr;
 ?column? 
----------
 t
(1 row)

SELECT '0foo'::debversion_evr = '0fo'::debversion_evr;
 ?column? 
----------
 f
(1 row)

SELECT '0foo-0'::debversion_evr < '0foo+'::debversion_evr;
 ?column? 
----------
 t
(1 row)

SELECT '0foo-0'::debversion_evr > '0foo+'::debversion_evr;
 ?column? 
----------
 f
(1 row)

SELECT '0foo-0'::debversion_evr = '0foo+'::debversion_evr;
 ?column? 
----------
 f
(1 row)

SELECT '0foo~1'::debversion_evr < '0foo'::debversion_evr;
 ?column? 
----------
 t
(1 row)

SELECT '0foo~1'::debversion_evr > '0foo'::debversion_evr;
 ?column? 
----------
 f
(1 row)

SELECT '0foo~1'::debversion_evr = '0foo'::debversion_evr;
 ?column? 
----------
 f
(1 row)

SELECT '0foo~foo+Bar'::debversion_evr < '0foo~foo+bar'::debversion_evr;
 ?column? 
----------
 t
(1 row)

SELECT '0foo~foo+Bar'::debversion_evr > '0foo~foo+bar'::debversion_evr;
 ?column? 
----------
 f
(1 row)

SELECT '0foo~foo+Bar'::debversion_evr = '0foo~foo+bar'::debversion_evr;
 ?column? 
----------
 f
(1 row)

SELECT '0foo~~'::debversion_evr < '0foo~'::debversion_evr;
 ?column? 
----------
 t
(1 row)

SELECT '0foo~~'::debversion_evr > '0foo~'::debversion_evr;
 ?column? 
----------
 f
(1 row)

SELECT '0foo~~'::debversion_evr = '0foo~'::debversion_evr;
 ?column? 
----------
 f
(1 row)

SELECT '1~'::debversion_evr < '1'::debversion_evr;
 ?column? 
----------
 t
(1 row)

SELECT '1~'::debversion_evr > '1'::debversion_evr;
 ?column? 
----------
 f
(1 row)

SELECT '1~'::debversion_evr = '1'::debversion_evr;
 ?column? 
----------
 f
(1 row)

SELECT '12345+that-really-is-some-ver-0'::debversion_evr < '12345+that-really-is-some-ver-10'::debversion_evr;
 ?column? 
----------
 t
(1 row)

SELECT '12345+that-really-is-some-ver-0'::debversion_evr > '12345+that-really-is-some-ver-10'::debversion_evr;
 ?column? 
----------
 f
(1 row)

SELECT '12345+that-really-is-some-ver-0'::debversion_evr = '12345+that-really-is-some-ver-10'::debversion_evr;
 ?column? 
----------
 f
(1 row)

SELECT '0foo-0'::debversion_evr < '0foo-01'::debversion_evr;
 ?column? 
----------
 t
(1 row)

SELECT '0foo-0'::debversion_evr > '0foo-01'::debversion_evr;
 ?column? 
----------
 f
(1 row)

SELECT '0foo-0'::debversion_evr = '0foo-01'::debversion_evr;
 ?column? 
----------
 f
(1 row)

SELECT '0foo.bar'::debversion_evr < '0foobar'::debversion_evr;
 ?column? 
----------
 f
(1 row)

SELECT '0foo.bar'::debversion_evr > '0foobar'::debversion_evr;
 ?column? 
----------
 t
(1 row)

SELECT '0foo.bar'::debversion_evr = '0foobar'::debversion_evr;
 ?column? 
----------
 f
(1 row)

SELECT '0foo.bar'::debversion_evr < '0foo1bar'::debversion_evr;
 ?column? 
----------
 f
(1 row)

SELECT '0foo.bar'::debversion_evr > '0foo1bar'::debversion_evr;
 ?column? 
----------
 t
(1 row)

SELECT '0foo.bar'::debversion_evr = '0foo1bar'::debversion_evr;
 ?column? 
----------
 f
(1 row)

SELECT '0foo.bar'::debversion_evr < '0foo0bar'::debversion_evr;
 ?column? 
----------
 f
(1 row)

SELECT '0foo.bar'::debversion_evr > '0foo0bar'::debversion_evr;
 ?column? 
----------
 t
(1 row)

SELECT '0foo.bar'::debversion_evr = '0foo0bar'::debversion_evr;
 ?column? 
----------
 f
(1 row)

SELECT '0foo1bar-1'::debversion_evr < '0foobar-1'::debversion_evr;
 ?column? 
----------
 t
(1 row)

SELECT '0foo1bar-1'::debversion_evr > '0foobar-1'::debversion_evr;
 ?column? 
----------
 f
(1 row)

SELECT '0foo1bar-1'::debversion_evr = '0foobar-1'::debversion_evr;
 ?column? 
----------
 f
(1 row)

SELECT '0foo2.0'::debversion_evr < '0foo2'::debversion_evr;
 ?column? 
----------
 f
(1 row)

SELECT '0foo2.0'::debversion_evr > '0foo2'::debversion_evr;
 ?column? 
----------
 t
(1 row)

SELECT '0foo2.0'::debversion_evr = '0foo2'::debversion_evr;
 ?column? 
----------
 f
(1 row)

SELECT '0foo2.0.0'::debversion_evr < '0foo2.10.0'::debversion_evr;
 ?column? 
----------
 t
(1 row)

SELECT '0foo2.0.0'::debversion_evr > '0foo2.10.0'::debversion_evr;
 ?column? 
----------
 f
(1 row)

SELECT '0foo2.0.0'::debversion_evr = '0foo2.10.0'::debversion_evr;
 ?column? 
----------
 f
(1 row)

SELECT '0foo2.0'::debversion_evr < '0foo2.0.0'::debversion_evr;
 ?column? 
----------
 t
(1 row)

SELECT '0foo2.0'::debversion_evr > '0foo2.0.0'::debversion_evr;
 ?column? 
----------
 f
(1 row)

SELECT '0foo2.0'::debversion_evr = '0foo2.0.0'::debversion_evr;
 ?column? 
----------
 f
(1 row)

SELECT '0foo2.0'::debversion_evr < '0foo2.10'::debversion_evr;
 ?column? 
----------
 t
(1 row)

SELECT '0foo2.0'::debversion_evr > '0foo2.10'::debversion_evr;
 ?column? 
----------
 f
(1 row)

SELECT '0foo2.0'::debversion_evr = '0foo2.10'::debversion_evr;
 ?column? 
----------
 f
(1 row)

SELECT '0foo2.1'::debversion_evr < '0foo2.10'::debversion_evr;
 ?column? 
----------
 t
(1 row)

SELECT '0foo2.1'::debversion_evr > '0foo2.10'::debversion_evr;
 ?column? 
----------
 f
(1 row)

SELECT '0foo2.1'::debversion_evr = '0foo2.10'::debversion_evr;
 ?column? 
----------
 f
(1 row)

SELECT '1.09'::debversion_evr < '1.9'::debversion_evr;
 ?column? 
----------
 f
(1 row)

SELECT '1.09'::debversion_evr > '1.9'::debversion_evr;
 ?column? 
----------
 f
(1 row)

SELECT '1.09'::debversion_evr = '1.9'::debversion_evr;
 ?column? 
----------
 t
(1 row)

SELECT '1.0.8+nmu1'::debversion_evr < '1.0.8'::debversion_evr;
 ?column? 
----------
 f
(1 row)

SELECT '1.0.8+nmu1'::debversion_evr > '1.0.8'::debversion_evr;
 ?column? 
----------
 t
(1 row)

SELECT '1.0.8+nmu1'::debversion_evr = '1.0.8'::debversion_evr;
 ?column? 
----------
 f
(1 row)

SELECT '3.11'::debversion_evr < '3.10+nmu1'::debversion_evr;
 ?column? 
----------
 f
(1 row)

SELECT '3.11'::debversion_evr > '3.10+nmu1'::debversion_evr;
 ?column? 
----------
 t
(1 row)

SELECT '3.11'::debversion_evr = '3.10+nmu1'::debversion_evr;
 ?column? 
----------
 f
(1 row)

SELECT '0.9j-20080306-4'::debversion_evr < '0.9i-20070324-2'::debversion_evr;
 ?column? 
----------
 f
(1 row)

SELECT '0.9j-20080306-4'::debversion_evr > '0.9i-20070324-2'::debversion_evr;
 ?column? 
----------
 t
(1 row)

SELECT '0.9j-20080306-4'::debversion_evr = '0.9i-20070324-2'::debversion_evr;
 ?column? 
----------
 f
(1 row)

SELECT '1.2.0~b7-1'::debversion_evr < '1.2.0~b6-1'::debversion_evr;
 ?column? 
----------
 f
(1 row)

SELECT '1.2.0~b7-1'::debversion_evr > '1.2.0~b6-1'::debversion_evr;
 ?column? 
----------
 t
(1 row)

SELECT '1.2.0~b7-1'::debversion_evr = '1.2.0~b6-1'::debversion_evr;
 ?column? 
----------
 f
(1 row)

SELECT '1.011-1'::debversion_evr < '1.06-2'::debversion_evr;
 ?column? 
----------
 f
(1 row)

SELECT '1.011-1'::debversion_evr > '1.06-2'::debversion_evr;
 ?column? 
----------
 t
(1 row)

SELECT '1.011-1'::debversion_evr = '1.06-2'::debversion_evr;
 ?column? 
----------
 f
(1 row)

SELECT '0.0.9+dfsg1-1'::debversion_evr < '0.0.8+dfsg1-3'::debversion_evr;
 ?column? 
----------
 f
(1 row)

SELECT '0.0.9+dfsg1-1'::debversion_evr > '0.0.8+dfsg1-3'::debversion_evr;
 ?column? 
----------
 t
(1 row)

SELECT '0.0.9+dfsg1-1'::debversion_evr = '0.0.8+dfsg1-3'::debversion_evr;
 ?column? 
----------
 f
(1 row)

SELECT '4.6.99+svn6582-1'::debversion_evr < '4.6.99+svn6496-1'::debversion_evr;
 ?column? 
----------
 f
(1 row)

SELECT '4.6.99+svn6582-1'::debversion_evr > '4.6.99+svn6496-1'::debversion_evr;
 ?column? 
----------
 t
(1 row)

SELECT '4.6.99+svn6582-1'::debversion_evr = '4.6.99+svn6496-1'::debversion_evr;
 ?column? 
----------
 f
(1 row)

SELECT '53'::debversion_evr < '52'::debversion_evr;
 ?column? 
----------
 f
(1 row)

SELECT '53'::debversion_evr > '52'::debversion_evr;
 ?column? 
----------
 t
(1 row)

SELECT '53'::debversion_evr = '52'::debversion_evr;
 ?column? 
----------
 f
(1 row)

SELECT '0.9.9~pre122-1'::debversion_evr < '0.9.9~pre111-1'::debversion_evr;
 ?column? 
----------
 f
(1 row)

SELECT '0.9.9~pre122-1'::debversion_evr > '0.9.9~pre111-1'::debversion_evr;
 ?column? 
----------
 t
(1 row)

SELECT '0.9.9~pre122-1'::debversion_evr = '0.9.9~pre111-1'::debversion_evr;
 ?column? 
----------
 f
(1 row)

SELECT '2:2.3.2-2+lenny2'::debversion_evr < '2:2.3.2-2'::debversion_evr;
 ?column? 
----------
 f
(1 row)

SELECT '2:2.3.2-2+lenny2'::debversion_evr > '2:2.3.2-2'::debversion_evr;
 ?column? 
----------
 t
(1 row)

SELECT '2:2.3.2-2+lenny2'::debversion_evr = '2:2.3.2-2'::debversion_evr;
 ?column? 
----------
 f
(1 row)

SELECT '1:3.8.1-1'::debversion_evr < '3.8.GA-1'::debversion_evr;
 ?column? 
----------
 f
(1 row)

SELECT '1:3.8.1-1'::debversion_evr > '3.8.GA-1'::debversion_evr;
 ?column? 
----------
 t
(1 row)

SELECT '1:3.8.1-1'::debversion_evr = '3.8.GA-1'::debversion_evr;
 ?column? 
----------
 f
(1 row)

SELECT '1.0.1+gpl-1'::debversion_evr < '1.0.1-2'::debversion_evr;
 ?column? 
----------
 f
(1 row)

SELECT '1.0.1+gpl-1'::debversion_evr > '1.0.1-2'::debversion_evr;
 ?column? 
----------
 t
(1 row)

SELECT '1.0.1+gpl-1'::debversion_evr = '1.0.1-2'::debversion_evr;
 ?column? 
----------
 f
(1 row)

SELECT '1a'::debversion_evr < '1000a'::debversion_evr;
 ?column? 
----------
 t
(1 row)

SELECT '1a'::debversion_evr > '1000a'::debversion_evr;
 ?column? 
----------
 f
(1 row)

SELECT '1a'::debversion_evr = '1000a'::debversion_evr;
 ?column? 
----------
 f
(1 row)

